[themes.pixelstrap.com/tovo/main/ltr/index-style-2.html]
[backblue.gif]
[fade.gif]
[index.html]
[themes.pixelstrap.com/tovo/main/assets/images/favicon.png]
[themes.pixelstrap.com/tovo/main/ltr/index.html]
[themes.pixelstrap.com/tovo/main/assets/images/logo.png]
[themes.pixelstrap.com/tovo/main/ltr/blog.html]
[themes.pixelstrap.com/tovo/main/ltr/blog-details.html]
[themes.pixelstrap.com/tovo/main/ltr/blogs-leftside.html]
[themes.pixelstrap.com/tovo/main/ltr/blogs-rightside.html]
[themes.pixelstrap.com/tovo/main/ltr/blog-details-with-leftsidebar.html]
[themes.pixelstrap.com/tovo/main/ltr/blog-details-with-rightsidebar.html]
[themes.pixelstrap.com/tovo/main/ltr/sign-in.html]
[themes.pixelstrap.com/tovo/main/ltr/sign-up.html]
[themes.pixelstrap.com/tovo/main/ltr/forget-pwd.html]
[themes.pixelstrap.com/tovo/main/ltr/thank-you.html]
[themes.pixelstrap.com/tovo/main/ltr/review.html]
[themes.pixelstrap.com/tovo/main/ltr/404.html]
[themes.pixelstrap.com/tovo/main/ltr/download.html]
[themes.pixelstrap.com/tovo/main/ltr/faq.html]
[themes.pixelstrap.com/tovo/main/assets/images/home2/logo-icon.png]
[themes.pixelstrap.com/tovo/main/assets/images/appstore.png]
[themes.pixelstrap.com/tovo/main/assets/images/play-store.png]
[themes.pixelstrap.com/tovo/main/assets/images/home2/play-button.png]
[themes.pixelstrap.com/tovo/main/assets/images/home2/slider-caption.png]
[themes.pixelstrap.com/tovo/main/assets/images/team1.png]
[themes.pixelstrap.com/tovo/main/assets/images/main-banner1.png]
[themes.pixelstrap.com/tovo/main/assets/images/icon1.png]
[themes.pixelstrap.com/tovo/main/assets/images/icon3.png]
[themes.pixelstrap.com/tovo/main/assets/images/icon2.png]
[themes.pixelstrap.com/tovo/main/assets/images/icon4.png]
[themes.pixelstrap.com/tovo/main/assets/images/aboutus.png]
[themes.pixelstrap.com/tovo/main/assets/images/feature2.png]
[themes.pixelstrap.com/tovo/main/assets/images/222.png]
[themes.pixelstrap.com/tovo/main/assets/images/icon/1.png]
[themes.pixelstrap.com/tovo/main/assets/images/icon/3.png]
[themes.pixelstrap.com/tovo/main/assets/images/icon/5.png]
[themes.pixelstrap.com/tovo/main/assets/images/icon/2.png]
[themes.pixelstrap.com/tovo/main/assets/images/icon/4.png]
[themes.pixelstrap.com/tovo/main/assets/images/icon/6.png]
[themes.pixelstrap.com/tovo/main/assets/images/feature-circle-two.png]
[themes.pixelstrap.com/tovo/main/assets/images/feature-circle.png]
[themes.pixelstrap.com/tovo/main/assets/images/light.png]
[themes.pixelstrap.com/tovo/main/assets/images/screenshot-mob.png]
[themes.pixelstrap.com/tovo/main/assets/images/light-right.png]
[themes.pixelstrap.com/tovo/main/assets/images/app/12.jpg]
[themes.pixelstrap.com/tovo/main/assets/images/app/2.jpg]
[themes.pixelstrap.com/tovo/main/assets/images/app/3.jpg]
[themes.pixelstrap.com/tovo/main/assets/images/app/4.jpg]
[themes.pixelstrap.com/tovo/main/assets/images/app/5.jpg]
[themes.pixelstrap.com/tovo/main/assets/images/app/6.jpg]
[themes.pixelstrap.com/tovo/main/assets/images/app/7.jpg]
[themes.pixelstrap.com/tovo/main/assets/images/app/8.jpg]
[themes.pixelstrap.com/tovo/main/assets/images/app/9.jpg]
[themes.pixelstrap.com/tovo/main/assets/images/app/10.jpg]
[themes.pixelstrap.com/tovo/main/assets/images/app/11.jpg]
[themes.pixelstrap.com/tovo/main/assets/images/app/1.jpg]
[themes.pixelstrap.com/tovo/main/assets/images/team3.png]
[themes.pixelstrap.com/tovo/main/assets/images/team.png]
[themes.pixelstrap.com/tovo/main/assets/images/avtar/1.jpg]
[themes.pixelstrap.com/tovo/main/assets/images/avtar/15.jpg]
[themes.pixelstrap.com/tovo/main/assets/images/avtar/22.jpg]
[themes.pixelstrap.com/tovo/main/assets/images/blog/8.jpg]
[themes.pixelstrap.com/tovo/main/assets/images/blog/blog3.jpg]
[themes.pixelstrap.com/tovo/main/assets/images/blog/6.jpg]
[themes.pixelstrap.com/tovo/main/assets/images/blog/7.jpg]
[themes.pixelstrap.com/tovo/main/assets/images/blog/9.jpg]
[themes.pixelstrap.com/tovo/main/assets/images/Testimonial2.png]
[themes.pixelstrap.com/tovo/main/assets/images/Testimonial1.png]
[themes.pixelstrap.com/tovo/main/assets/images/main-banner12.png]
[themes.pixelstrap.com/tovo/main/assets/images/Contact-info.png]
[themes.pixelstrap.com/tovo/main/assets/images/email.png]
[themes.pixelstrap.com/tovo/main/assets/images/locate.png]
[themes.pixelstrap.com/tovo/main/assets/images/telephone.png]
[themes.pixelstrap.com/tovo/main/assets/images/fotter-email.png]
[themes.pixelstrap.com/tovo/main/assets/images/fax.png]
[connect.facebook.net/en_US/sdk/xfbml.customerchat.js]
[themes.pixelstrap.com/tovo/main/assets/js/jquery-3.3.1.min.js]
[themes.pixelstrap.com/tovo/main/assets/js/bootstrap.min.js]
[themes.pixelstrap.com/tovo/main/assets/js/popper.min.js]
[themes.pixelstrap.com/tovo/main/assets/js/owl.carousel.min.js]
[themes.pixelstrap.com/tovo/main/assets/js/script.js]
[themes.pixelstrap.com/tovo/main/assets/js/tilt.jquery.js]
[themes.pixelstrap.com/tovo/main/assets/js/jquery.validate.min.js]
[themes.pixelstrap.com/tovo/main/assets/js/additional-methods.min.js]
[themes.pixelstrap.com/tovo/main/assets/js/contact.js]
[themes.pixelstrap.com/tovo/main/assets/js/scroll.js]
[themes.pixelstrap.com/tovo/main/ltr/index-style-2.html]
[themes.pixelstrap.com/tovo/main/assets/css/font-awesome.min.css]
[themes.pixelstrap.com/tovo/main/assets/css/bootstrap.css]
[themes.pixelstrap.com/tovo/main/assets/css/animate.min.css]
[themes.pixelstrap.com/tovo/main/assets/css/owl.carousel.min.css]
[themes.pixelstrap.com/tovo/main/assets/css/owl.theme.default.min.css]
[themes.pixelstrap.com/tovo/main/assets/css/validation.css]
[themes.pixelstrap.com/tovo/main/assets/images/1.png]
[themes.pixelstrap.com/tovo/main/assets/images/lannd-bg.png]
[themes.pixelstrap.com/tovo/main/assets/images/screen1.png]
[themes.pixelstrap.com/tovo/main/assets/images/home2/home2-slider.png]
[themes.pixelstrap.com/tovo/main/assets/images/home3/home3-slider.png]
[themes.pixelstrap.com/tovo/main/assets/images/about-bg.png]
[themes.pixelstrap.com/tovo/main/assets/images/feature-bg.png]
[themes.pixelstrap.com/tovo/main/assets/images/screenshot-bg.png]
[themes.pixelstrap.com/tovo/main/assets/images/team-bg.png]
[themes.pixelstrap.com/tovo/main/assets/images/team-img-bg.png]
[themes.pixelstrap.com/tovo/main/assets/images/price.png]
[themes.pixelstrap.com/tovo/main/assets/images/price-bg.png]
[themes.pixelstrap.com/tovo/main/assets/images/testimonial-bg.png]
[themes.pixelstrap.com/tovo/main/assets/images/Testimonial.png]
[themes.pixelstrap.com/tovo/main/assets/images/Contact.png]
[themes.pixelstrap.com/tovo/main/assets/images/auth-bg.jpg]
[themes.pixelstrap.com/tovo/main/assets/css/style.css]
[themes.pixelstrap.com/tovo/main/assets/css/responsive.css]
[themes.pixelstrap.com/tovo/main/assets/css/color/color-1.css]
[themes.pixelstrap.com/tovo/main/assets/images/main-banner3.png]
[themes.pixelstrap.com/tovo/main/assets/images/logoimage.png]
[themes.pixelstrap.com/tovo/main/assets/images/mobile.png]
[themes.pixelstrap.com/tovo/main/ltr/index.html]
[themes.pixelstrap.com/tovo/main/assets/images/blog/10.jpg]
[themes.pixelstrap.com/tovo/main/ltr/blog.html]
[themes.pixelstrap.com/tovo/main/assets/images/blog/blog-details.jpg]
[themes.pixelstrap.com/tovo/main/assets/images/blog/blog-comment.jpg]
[themes.pixelstrap.com/tovo/main/assets/images/blog/blog-comment-two.jpg]
[themes.pixelstrap.com/tovo/main/assets/images/blog/blog-comment-three.jpg]
[themes.pixelstrap.com/tovo/main/ltr/blog-details.html]
[themes.pixelstrap.com/tovo/main/assets/images/blog/1.jpg]
[themes.pixelstrap.com/tovo/main/assets/images/blog/2.jpg]
[themes.pixelstrap.com/tovo/main/assets/images/blog/3.jpg]
[themes.pixelstrap.com/tovo/main/ltr/blogs-leftside.html]
[themes.pixelstrap.com/tovo/main/ltr/blogs-rightside.html]
[themes.pixelstrap.com/tovo/main/ltr/blog-details-with-leftsidebar.html]
[themes.pixelstrap.com/tovo/main/ltr/blog-details-with-rightsidebar.html]
[themes.pixelstrap.com/tovo/main/ltr/sign-in.html]
[themes.pixelstrap.com/tovo/main/ltr/sign-up.html]
[themes.pixelstrap.com/tovo/main/ltr/forget-pwd.html]
[themes.pixelstrap.com/tovo/main/assets/images/thank-you.png]
[themes.pixelstrap.com/tovo/main/ltr/thank-you.html]
[themes.pixelstrap.com/tovo/main/ltr/review.html]
[themes.pixelstrap.com/tovo/main/ltr/404.html]
[themes.pixelstrap.com/tovo/main/ltr/faq.html]
[themes.pixelstrap.com/tovo/main/assets/images/down.png]
[themes.pixelstrap.com/tovo/main/ltr/download.html]
[connect.facebook.net/en_US/sdk/xfbml.customerchat.js]
[themes.pixelstrap.com/tovo/main/assets/css/owl.video.play.html]
[themes.pixelstrap.com/tovo/main/ltr/^([^_/indexd41d.html]
[themes.pixelstrap.com/tovo/main/ltr/GET.html]
[themes.pixelstrap.com/tovo/main/ltr/ABCDEFGHIJKLMNOPQRSTUVWXYZabcdefghijklmnopqrstuvwxyz0123456789+/index.html]
[themes.pixelstrap.com/tovo/main/ltr/dialog/index.html]
